../RTT/SEGGER_RTT.c:275:13:_DoInit	16	static
../RTT/SEGGER_RTT.c:330:17:_WriteBlocking	40	static
../RTT/SEGGER_RTT.c:394:13:_WriteNoCheck	40	static
../RTT/SEGGER_RTT.c:458:13:_PostTerminalSwitch	24	static
../RTT/SEGGER_RTT.c:480:17:_GetAvailWriteSpace	32	static
../RTT/SEGGER_RTT.c:526:10:SEGGER_RTT_ReadUpBufferNoLock	48	static
../RTT/SEGGER_RTT.c:620:10:SEGGER_RTT_ReadNoLock	48	static
../RTT/SEGGER_RTT.c:719:10:SEGGER_RTT_ReadUpBuffer	32	static,ignoring_inline_asm
../RTT/SEGGER_RTT.c:751:10:SEGGER_RTT_Read	32	static,ignoring_inline_asm
../RTT/SEGGER_RTT.c:790:6:SEGGER_RTT_WriteWithOverwriteNoLock	40	static
../RTT/SEGGER_RTT.c:974:10:SEGGER_RTT_WriteDownBufferNoLock	40	static
../RTT/SEGGER_RTT.c:1050:10:SEGGER_RTT_WriteNoLock	40	static
../RTT/SEGGER_RTT.c:1127:10:SEGGER_RTT_WriteDownBuffer	32	static,ignoring_inline_asm
../RTT/SEGGER_RTT.c:1163:10:SEGGER_RTT_Write	32	static,ignoring_inline_asm
../RTT/SEGGER_RTT.c:1200:10:SEGGER_RTT_WriteString	24	static
../RTT/SEGGER_RTT.c:1230:10:SEGGER_RTT_PutCharSkipNoLock	32	static
../RTT/SEGGER_RTT.c:1277:10:SEGGER_RTT_PutCharSkip	32	static,ignoring_inline_asm
../RTT/SEGGER_RTT.c:1333:10:SEGGER_RTT_PutChar	32	static,ignoring_inline_asm
../RTT/SEGGER_RTT.c:1394:5:SEGGER_RTT_GetKey	16	static
../RTT/SEGGER_RTT.c:1422:5:SEGGER_RTT_WaitKey	16	static
../RTT/SEGGER_RTT.c:1445:5:SEGGER_RTT_HasKey	16	static
../RTT/SEGGER_RTT.c:1471:10:SEGGER_RTT_HasData	24	static
../RTT/SEGGER_RTT.c:1492:10:SEGGER_RTT_HasDataUp	24	static
../RTT/SEGGER_RTT.c:1520:5:SEGGER_RTT_AllocDownBuffer	32	static,ignoring_inline_asm
../RTT/SEGGER_RTT.c:1565:5:SEGGER_RTT_AllocUpBuffer	32	static,ignoring_inline_asm
../RTT/SEGGER_RTT.c:1616:5:SEGGER_RTT_ConfigUpBuffer	32	static,ignoring_inline_asm
../RTT/SEGGER_RTT.c:1663:5:SEGGER_RTT_ConfigDownBuffer	32	static,ignoring_inline_asm
../RTT/SEGGER_RTT.c:1701:5:SEGGER_RTT_SetNameUpBuffer	24	static,ignoring_inline_asm
../RTT/SEGGER_RTT.c:1732:5:SEGGER_RTT_SetNameDownBuffer	24	static,ignoring_inline_asm
../RTT/SEGGER_RTT.c:1763:5:SEGGER_RTT_SetFlagsUpBuffer	24	static,ignoring_inline_asm
../RTT/SEGGER_RTT.c:1794:5:SEGGER_RTT_SetFlagsDownBuffer	24	static,ignoring_inline_asm
../RTT/SEGGER_RTT.c:1818:6:SEGGER_RTT_Init	8	static
../RTT/SEGGER_RTT.c:1836:5:SEGGER_RTT_SetTerminal	40	static,ignoring_inline_asm
../RTT/SEGGER_RTT.c:1886:5:SEGGER_RTT_TerminalOut	40	static,ignoring_inline_asm
../RTT/SEGGER_RTT.c:1974:10:SEGGER_RTT_GetAvailWriteSpace	16	static
../RTT/SEGGER_RTT.c:1992:10:SEGGER_RTT_GetBytesInBuffer	32	static
