../Core/Src/main.c:92:5:main	24	static
../Core/Src/main.c:210:6:SystemClock_Config	120	static
../Core/Src/main.c:263:13:MX_CAN1_Init	48	static
../Core/Src/main.c:325:13:MX_RTC_Init	8	static
../Core/Src/main.c:356:13:MX_SPI1_Init	8	static
../Core/Src/main.c:394:13:MX_TIM1_Init	32	static
../Core/Src/main.c:440:13:MX_USART1_UART_Init	8	static
../Core/Src/main.c:473:13:MX_GPIO_Init	40	static
../Core/Src/main.c:511:9:W25N512GVEIG_ReadDeviceID	16	static
../Core/Src/main.c:536:6:Error_Handler	4	static,ignoring_inline_asm
