../Core/Src/main.c:98:5:main	48	static
../Core/Src/main.c:291:6:SystemClock_Config	120	static
../Core/Src/main.c:344:13:MX_CAN1_Init	48	static
../Core/Src/main.c:406:13:MX_RTC_Init	8	static
../Core/Src/main.c:437:13:MX_SPI1_Init	8	static
../Core/Src/main.c:475:13:MX_TIM1_Init	32	static
../Core/Src/main.c:521:13:MX_USART1_UART_Init	8	static
../Core/Src/main.c:554:13:MX_USART3_UART_Init	8	static
../Core/Src/main.c:587:13:MX_GPIO_Init	40	static
../Core/Src/main.c:626:9:W25N512GVEIG_ReadDeviceID	16	static
../Core/Src/main.c:651:6:Error_Handler	4	static,ignoring_inline_asm
